#Taxonomy	Total	C1	C2	C3	C4	P1	P2	P3	P4	U1	U2	U3	U4
Bacteria;Actinobacteria;Acidimicrobiia;Acidimicrobiales;Acidimicrobiaceae;Illumatobacter;	2	0	0	0	0	0	0	2	0	0	0	0	0	
Bacteria;Actinobacteria;Actinobacteria;Propionibacteriales;Nocardioidaceae;Aeromicrobium;	56	6	9	16	18	0	0	0	0	5	1	0	1	
Bacteria;Atribacteria;	23	0	0	0	0	0	0	0	0	0	11	3	9	
Bacteria;Cyanobacteria;Chloroplast;	2	1	0	0	0	0	0	1	0	0	0	0	0	
Bacteria;Cyanobacteria;ML635J-21;	3	0	0	1	0	0	0	1	1	0	0	0	0	
Bacteria;Deinococcus-Thermus;Deinococci;Thermales;Thermaceae;Thermus;	1254	90	155	200	146	47	126	143	268	15	23	16	25	
Bacteria;Firmicutes;Bacilli;Bacillales;Bacillaceae;Bacillus;	11161	1321	2035	1809	1447	358	1097	1175	1724	48	43	26	78	
Bacteria;Firmicutes;Bacilli;Bacillales;Staphylococcaceae;Staphylococcus;	4516	66	69	111	91	358	871	1199	1395	154	83	24	95	
Bacteria;Firmicutes;Clostridia;Clostridiales;DB27;	5	1	1	0	0	0	1	2	0	0	0	0	0	
Bacteria;Proteobacteria;Alphaproteobacteria;Rhizobiales;Methylocystaceae;Hartmannibacter;	17	1	1	0	0	2	3	2	4	1	1	0	2	
Bacteria;Proteobacteria;Alphaproteobacteria;Rhizobiales;Rhizobiaceae;Rhizobium;	24439	1035	1061	1366	1779	1308	2886	3444	3899	2558	1949	618	2536	
Bacteria;Proteobacteria;Alphaproteobacteria;Rhodobacterales;Rhodobacteraceae;	3298	300	270	368	391	192	437	408	602	140	79	26	85	
Bacteria;Proteobacteria;Alphaproteobacteria;Rhodobacterales;Rhodobacteraceae;Paracocccus;	3094	167	150	197	210	179	528	552	779	91	74	27	140	
Bacteria;Proteobacteria;Alphaproteobacteria;Sphingomonadales;Sphingomonadaceae;Sphingomonas;	4	2	1	0	1	0	0	0	0	0	0	0	0	
Bacteria;Proteobacteria;Betaproteobacteria;Burkholderiales;Burkholderiaceae;Cupriavidus;	13072	278	292	354	412	379	764	975	1054	2754	2399	948	2463	
Bacteria;Proteobacteria;Betaproteobacteria;Neisseriales;Neisseriaceae;Chromobacterium;	5501	882	1376	1186	1160	48	187	177	365	20	33	15	52	
Bacteria;Proteobacteria;Betaproteobacteria;Nitrosomonadales;Nitrosomonadaceae;Nitrosospira;	3	0	0	0	0	0	0	0	0	2	0	0	1	
Bacteria;Proteobacteria;Deltaproteobacteria;Desulfovibrionales;Desulfovibrionaceae;Desulfovibrio;	114	0	0	0	0	0	0	0	0	29	29	9	47	
Bacteria;Proteobacteria;Gammaproteobacteria;Alteromonadales;Alteromonadaceae;Alteromonas;	3139	174	223	268	220	209	607	636	736	16	18	5	27	
Bacteria;Proteobacteria;Gammaproteobacteria;Enterobacteriales;Enterobacteriaceae;Escherichia-Shigella;	5713	330	412	481	510	319	658	801	915	525	343	116	303	
Bacteria;Proteobacteria;Gammaproteobacteria;Enterobacteriales;Enterobacteriaceae;Salmonella;	22362	1188	1425	1572	1891	937	1900	2254	2570	3278	2223	820	2304	
Bacteria;Proteobacteria;Gammaproteobacteria;Pseudomonadales;Pseudomonadaceae;Pseudomonas;	19509	1903	2111	1823	2476	919	1984	2044	3504	751	886	295	813	
Bacteria;Proteobacteria;Gammaproteobacteria;Xanthomonadales;Xanthomonadaceae;Stenotrophomonas;	9172	530	669	662	812	340	751	740	1155	1212	868	383	1050	
